Microchip MPLAB XC8 Compiler V2.40

Linker command line:

-W-3 \
  --edf=C:\Program Files\Microchip\xc8\v2.40\pic\dat\20220703182018_en.msgs \
  -cn -h+dist/default/production\PBLE02_PROJ.X.production.sym \
  --cmf=dist/default/production\PBLE02_PROJ.X.production.cmf -z -Q18F4550 \
  -oC:\Users\lucas\AppData\Local\Temp\xcAsdds.4 --defsym=__MPLAB_BUILD=1 \
  --fixupoverflow=error \
  -Mdist/default/production/PBLE02_PROJ.X.production.map \
  --md=C:\Users\lucas\AppData\Local\Temp\xcAsdds.dat -E1 -ver=XC8 Compiler \
  --acfsm=1493 -ACODE=00h-07FFFh -ACONST=00h-07FFFh \
  -ASMALLCONST=0800h-08FFhx120 -AMEDIUMCONST=0800h-07FFFh -ACOMRAM=01h-05Fh \
  -AABS1=00h-07FFh -ABIGRAM=01h-07FFh -ARAM=060h-0FFh,0100h-01FFhx7 \
  -ABANK0=060h-0FFh -ABANK1=0100h-01FFh -ABANK2=0200h-02FFh \
  -ABANK3=0300h-03FFh -ABANK4=0400h-04FFh -ABANK5=0500h-05FFh \
  -ABANK6=0600h-06FFh -ABANK7=0700h-07FFh -ASFR=0F60h-0FFFh \
  -ABIGSFR=0F60h-0FFFh -ACONFIG=0300000h-030000Dh -AIDLOC=0200000h-0200007h \
  -AEEDATA=0F00000h-0F000FFh -peeprom_data=EEDATA \
  -preset_vec=00h,intcode,intcodelo,powerup,init -pramtop=0800h \
  -psmallconst=SMALLCONST -pmediumconst=MEDIUMCONST -pconst=CONST \
  -AFARRAM=00h-00h \
  -prdata=COMRAM,nvrram=COMRAM,nvbit=COMRAM,rbss=COMRAM,rbit=COMRAM \
  -pfarbss=FARRAM,fardata=FARRAM,nvFARRAM=FARRAM \
  -pintsave_regs=BIGRAM,bigbss=BIGRAM,bigdata=BIGRAM -pbss=RAM \
  -pidata=CODE,irdata=CODE,ibigdata=CODE,ifardata=CODE -prparam=COMRAM \
  C:\Users\lucas\AppData\Local\Temp\xcAsdds.o \
  dist/default/production\PBLE02_PROJ.X.production.o 

Object code version is 3.11

Machine type is 18F4550



                Name                               Link     Load   Length Selector   Space Scale
C:\Users\lucas\AppData\Local\Temp\xcAsdds.o
                idloc                            200000   200000        8        0       5
                config                           300000   300000        E        0       4
                init                                  0        0        4        0       0
dist/default/production\PBLE02_PROJ.X.production.o
                idloc                            200000   200000        8        0       5
                config                           300000   300000        E        0       4
                mediumconst                        7E02     7E02      1FE     3F01       0
                text67                             5188     5188      24E     28C4       0
                text66                             3C4C     3C4C       44     1E26       0
                text65                             3A02     3A02       2A     1D01       0
                text64                             38D2     38D2        6     1C69       0
                text63                             42AA     42AA       80     2155       0
                text62                             3982     3982       1A     1CC1       0
                text61                             392A     392A       14     1C95       0
                text60                             3AAC     3AAC       2E     1D56       0
                text59                             396A     396A       18     1CB5       0
                text58                             38D8     38D8        6     1C6C       0
                text57                             4040     4040       78     2020       0
                text56                             3CD6     3CD6       48     1E6B       0
                text55                             40B8     40B8       78     205C       0
                text54                             53D6     53D6      24E     29EB       0
                text53                             3ADA     3ADA       2E     1D6D       0
                text52                             3FD2     3FD2       6E     1FE9       0
                text51                             4CAA     4CAA      176     2655       0
                text50                             39DC     39DC       26     1CEE       0
                text49                             393E     393E       16     1C9F       0
                text48                             4130     4130       7E     2098       0
                text47                             38D0     38D0        2     1C68       0
                text46                             3A2C     3A2C       2A     1D16       0
                text45                             4B40     4B40      16A     25A0       0
                text44                             3BA0     3BA0       38     1DD0       0
                text43                             3BD8     3BD8       38     1DEC       0
                text42                             3B38     3B38       32     1D9C       0
                text41                             3A56     3A56       2A     1D2B       0
                text40                             3B08     3B08       30     1D84       0
                text39                             3EB8     3EB8       58     1F5C       0
                text38                             3DB8     3DB8       54     1EDC       0
                text37                             3D1E     3D1E       4A     1E8F       0
                text36                             3F10     3F10       60     1F88       0
                text35                             3C90     3C90       46     1E48       0
                text34                             5F2C     5F2C      4C0     2F96       0
                text33                             47F6     47F6      104     23FB       0
                text32                             449E     449E       CA     224F       0
                text31                             5624     5624      2B2     2B12       0
                text30                             3918     3918       12     1C8C       0
                text29                             6976     6976      7B6     34BB       0
                text28                             3A80     3A80       2C     1D40       0
                text27                             58D6     58D6      2BC     2C6B       0
                text26                             3954     3954       16     1CAA       0
                text25                             38DE     38DE        6     1C6F       0
                text24                             38F4     38F4        A     1C7A       0
                text23                             4704     4704       F2     2382       0
                text22                             5B92     5B92      39A     2DC9       0
                text21                             48FA     48FA      106     247D       0
                text20                             4E20     4E20      1B4     2710       0
                text19                             4FD4     4FD4      1B4     27EA       0
                text18                             3E0C     3E0C       56     1F06       0
                text17                             4568     4568       CE     22B4       0
                text16                             43DA     43DA       C4     21ED       0
                text15                             432A     432A       B0     2195       0
                text14                             399C     399C       1E     1CCE       0
                text13                             41AE     41AE       7E     20D7       0
                text12                             3E62     3E62       56     1F31       0
                text11                             4636     4636       CE     231B       0
                text10                             3F70     3F70       62     1FB8       0
                text9                              422C     422C       7E     2116       0
                text8                              712C     712C      CD6     3896       0
                text7                              38E4     38E4        8     1C72       0
                text6                              38FE     38FE        A     1C7F       0
                text5                              63EC     63EC      58A     31F6       0
                text4                              38EC     38EC        8     1C76       0
                text3                              39BA     39BA       22     1CDD       0
                text2                              3908     3908       10     1C84       0
                text1                              4A00     4A00      140     2500       0
                text0                              3C10     3C10       3C     1E08       0
                cstackCOMRAM                          1        1       5F        1       1
                cstackBANK0                          DD       DD        9       60       1
                dataBANK0                            60       60       50       60       1
                bssBANK0                             B0       B0       2D       60       1
                cinit                              3B6A     3B6A       36     1DB5       0
                idataBANK0                         3D68     3D68       50     3D68       0

TOTAL           Name                               Link     Load   Length     Space
        CLASS   CODE           
                init                                  0        0        4         0
                text67                             5188     5188      24E         0
                text66                             3C4C     3C4C       44         0
                text65                             3A02     3A02       2A         0
                text64                             38D2     38D2        6         0
                text63                             42AA     42AA       80         0
                text62                             3982     3982       1A         0
                text61                             392A     392A       14         0
                text60                             3AAC     3AAC       2E         0
                text59                             396A     396A       18         0
                text58                             38D8     38D8        6         0
                text57                             4040     4040       78         0
                text56                             3CD6     3CD6       48         0
                text55                             40B8     40B8       78         0
                text54                             53D6     53D6      24E         0
                text53                             3ADA     3ADA       2E         0
                text52                             3FD2     3FD2       6E         0
                text51                             4CAA     4CAA      176         0
                text50                             39DC     39DC       26         0
                text49                             393E     393E       16         0
                text48                             4130     4130       7E         0
                text47                             38D0     38D0        2         0
                text46                             3A2C     3A2C       2A         0
                text45                             4B40     4B40      16A         0
                text44                             3BA0     3BA0       38         0
                text43                             3BD8     3BD8       38         0
                text42                             3B38     3B38       32         0
                text41                             3A56     3A56       2A         0
                text40                             3B08     3B08       30         0
                text39                             3EB8     3EB8       58         0
                text38                             3DB8     3DB8       54         0
                text37                             3D1E     3D1E       4A         0
                text36                             3F10     3F10       60         0
                text35                             3C90     3C90       46         0
                text34                             5F2C     5F2C      4C0         0
                text33                             47F6     47F6      104         0
                text32                             449E     449E       CA         0
                text31                             5624     5624      2B2         0
                text30                             3918     3918       12         0
                text29                             6976     6976      7B6         0
                text28                             3A80     3A80       2C         0
                text27                             58D6     58D6      2BC         0
                text26                             3954     3954       16         0
                text25                             38DE     38DE        6         0
                text24                             38F4     38F4        A         0
                text23                             4704     4704       F2         0
                text22                             5B92     5B92      39A         0
                text21                             48FA     48FA      106         0
                text20                             4E20     4E20      1B4         0
                text19                             4FD4     4FD4      1B4         0
                text18                             3E0C     3E0C       56         0
                text17                             4568     4568       CE         0
                text16                             43DA     43DA       C4         0
                text15                             432A     432A       B0         0
                text14                             399C     399C       1E         0
                text13                             41AE     41AE       7E         0
                text12                             3E62     3E62       56         0
                text11                             4636     4636       CE         0
                text10                             3F70     3F70       62         0
                text9                              422C     422C       7E         0
                text8                              712C     712C      CD6         0
                text7                              38E4     38E4        8         0
                text6                              38FE     38FE        A         0
                text5                              63EC     63EC      58A         0
                text4                              38EC     38EC        8         0
                text3                              39BA     39BA       22         0
                text2                              3908     3908       10         0
                text1                              4A00     4A00      140         0
                text0                              3C10     3C10       3C         0
                cinit                              3B6A     3B6A       36         0
                idataBANK0                         3D68     3D68       50         0

        CLASS   CONST          

        CLASS   SMALLCONST     

        CLASS   MEDIUMCONST    
                mediumconst                        7E02     7E02      1FE         0

        CLASS   COMRAM         
                cstackCOMRAM                          1        1       5F         1

        CLASS   ABS1           

        CLASS   BIGRAM         

        CLASS   RAM            

        CLASS   BANK0          
                cstackBANK0                          DD       DD        9         1
                dataBANK0                            60       60       50         1
                bssBANK0                             B0       B0       2D         1

        CLASS   BANK1          

        CLASS   BANK2          

        CLASS   BANK3          

        CLASS   BANK4          

        CLASS   BANK5          

        CLASS   BANK6          

        CLASS   BANK7          

        CLASS   SFR            

        CLASS   BIGSFR         

        CLASS   CONFIG         
                config                           300000   300000        E         4

        CLASS   IDLOC          
                idloc                            200000   200000        8         5

        CLASS   EEDATA         

        CLASS   FARRAM         

        CLASS   HEAP           

        CLASS   STACK          



SEGMENTS        Name                           Load    Length   Top    Selector   Space  Class

                reset_vec                      000000  000004  000004         0       0  CODE    
                cstackCOMRAM                   000001  00005F  000060         1       1  COMRAM  
                dataBANK0                      000060  000086  0000E6        60       1  BANK0   
                text47                         0038D0  000002  0038D2      1C68       0  CODE    
                text64                         0038D2  000006  0038D8      1C69       0  CODE    
                text58                         0038D8  000006  0038DE      1C6C       0  CODE    
                text25                         0038DE  000006  0038E4      1C6F       0  CODE    
                text7                          0038E4  000008  0038EC      1C72       0  CODE    
                text4                          0038EC  000008  0038F4      1C76       0  CODE    
                text24                         0038F4  00000A  0038FE      1C7A       0  CODE    
                text6                          0038FE  00000A  003908      1C7F       0  CODE    
                text2                          003908  000010  003918      1C84       0  CODE    
                text30                         003918  000012  00392A      1C8C       0  CODE    
                text61                         00392A  000014  00393E      1C95       0  CODE    
                text49                         00393E  000016  003954      1C9F       0  CODE    
                text26                         003954  000016  00396A      1CAA       0  CODE    
                text59                         00396A  000018  003982      1CB5       0  CODE    
                text62                         003982  00001A  00399C      1CC1       0  CODE    
                text14                         00399C  00001E  0039BA      1CCE       0  CODE    
                text3                          0039BA  000022  0039DC      1CDD       0  CODE    
                text50                         0039DC  000026  003A02      1CEE       0  CODE    
                text65                         003A02  00002A  003A2C      1D01       0  CODE    
                text46                         003A2C  00002A  003A56      1D16       0  CODE    
                text41                         003A56  00002A  003A80      1D2B       0  CODE    
                text28                         003A80  00002C  003AAC      1D40       0  CODE    
                text60                         003AAC  00002E  003ADA      1D56       0  CODE    
                text53                         003ADA  00002E  003B08      1D6D       0  CODE    
                text40                         003B08  000030  003B38      1D84       0  CODE    
                text42                         003B38  000032  003B6A      1D9C       0  CODE    
                cinit                          003B6A  000036  003BA0      1DB5       0  CODE    
                text44                         003BA0  000038  003BD8      1DD0       0  CODE    
                text43                         003BD8  000038  003C10      1DEC       0  CODE    
                text0                          003C10  00003C  003C4C      1E08       0  CODE    
                text66                         003C4C  000044  003C90      1E26       0  CODE    
                text35                         003C90  000046  003CD6      1E48       0  CODE    
                text56                         003CD6  000048  003D1E      1E6B       0  CODE    
                text37                         003D1E  00004A  003D68      1E8F       0  CODE    
                idataBANK0                     003D68  000050  003DB8      3D68       0  CODE    
                text38                         003DB8  000054  003E0C      1EDC       0  CODE    
                text18                         003E0C  000056  003E62      1F06       0  CODE    
                text12                         003E62  000056  003EB8      1F31       0  CODE    
                text39                         003EB8  000058  003F10      1F5C       0  CODE    
                text36                         003F10  000060  003F70      1F88       0  CODE    
                text10                         003F70  000062  003FD2      1FB8       0  CODE    
                text52                         003FD2  00006E  004040      1FE9       0  CODE    
                text57                         004040  000078  0040B8      2020       0  CODE    
                text55                         0040B8  000078  004130      205C       0  CODE    
                text48                         004130  00007E  0041AE      2098       0  CODE    
                text13                         0041AE  00007E  00422C      20D7       0  CODE    
                text9                          00422C  00007E  0042AA      2116       0  CODE    
                text63                         0042AA  000080  00432A      2155       0  CODE    
                text15                         00432A  0000B0  0043DA      2195       0  CODE    
                text16                         0043DA  0000C4  00449E      21ED       0  CODE    
                text32                         00449E  0000CA  004568      224F       0  CODE    
                text17                         004568  0000CE  004636      22B4       0  CODE    
                text11                         004636  0000CE  004704      231B       0  CODE    
                text23                         004704  0000F2  0047F6      2382       0  CODE    
                text33                         0047F6  000104  0048FA      23FB       0  CODE    
                text21                         0048FA  000106  004A00      247D       0  CODE    
                text1                          004A00  000140  004B40      2500       0  CODE    
                text45                         004B40  00016A  004CAA      25A0       0  CODE    
                text51                         004CAA  000176  004E20      2655       0  CODE    
                text20                         004E20  0001B4  004FD4      2710       0  CODE    
                text19                         004FD4  0001B4  005188      27EA       0  CODE    
                text67                         005188  00024E  0053D6      28C4       0  CODE    
                text54                         0053D6  00024E  005624      29EB       0  CODE    
                text31                         005624  0002B2  0058D6      2B12       0  CODE    
                text27                         0058D6  0002BC  005B92      2C6B       0  CODE    
                text22                         005B92  00039A  005F2C      2DC9       0  CODE    
                text34                         005F2C  0004C0  0063EC      2F96       0  CODE    
                text5                          0063EC  00058A  006976      31F6       0  CODE    
                text29                         006976  0007B6  00712C      34BB       0  CODE    
                text8                          00712C  000CD6  007E02      3896       0  CODE    
                mediumconst                    007E02  0001FE  008000      3F01       0  MEDIUMCO


UNUSED ADDRESS RANGES

        Name                Unused          Largest block    Delta
        BANK0            0000E6-0000FF               1A
        BANK1            000100-0001FF              100
        BANK2            000200-0002FF              100
        BANK3            000300-0003FF              100
        BANK4            000400-0004FF              100
        BANK5            000500-0005FF              100
        BANK6            000600-0006FF              100
        BANK7            000700-0007FF              100
        BIGRAM           0000E6-0007FF              71A
        BIGSFR           000F60-000FFF               A0
        CODE             000004-0038CF             38CC
        CONST            000004-0038CF             38CC
        EEDATA           F00000-F000FF              100
        MEDIUMCONST      000800-0038CF             30D0
        RAM              0000E6-0007FF              100
        SFR              000F60-000FFF               A0
        SMALLCONST       000800-0038CF              100

                                  Symbol Table

?___awdiv                    cstackCOMRAM 000001
?___awmod                    cstackCOMRAM 000009
?___fladd                    cstackCOMRAM 000028
?___fldiv                    cstackCOMRAM 00000F
?___fltol                    cstackCOMRAM 000038
?___wmul                     cstackCOMRAM 000001
?___xxtofl                   cstackCOMRAM 000001
?_adcRead                    cstackCOMRAM 000042
?_checkAlarm                 cstackCOMRAM 00004A
?_digitalRead                cstackCOMRAM 000001
?_dsReadData                 cstackCOMRAM 00000E
?_eventRead                  cstackCOMRAM 00005E
?_getAlarmLevel              cstackCOMRAM 000013
?_getLanguage                cstackCOMRAM 000013
?_getSensorValue             cstackCOMRAM 000046
?_getTimer                   cstackCOMRAM 000001
Delay2ms@j                   cstackCOMRAM 000001
Delay2ms@k                   cstackCOMRAM 000002
Delay40us@j                  cstackCOMRAM 000001
_ADCON0                      (abs)        000FC2
_ADCON1                      (abs)        000FC1
_ADCON2                      (abs)        000FC0
_ADRESH                      (abs)        000FC4
_ADRESL                      (abs)        000FC3
_BAUDCON                     (abs)        000FB8
_CCP2CON                     (abs)        000FBA
_CCPR2L                      (abs)        000FBB
_Delay2ms                    text60       003AAC
_Delay40us                   text59       00396A
_I2C_delay                   text47       0038D0
_INTCON                      (abs)        000FF2
_PIR1                        (abs)        000F9E
_PORTA                       (abs)        000F80
_PORTAbits                   (abs)        000F80
_PORTB                       (abs)        000F81
_PORTC                       (abs)        000F82
_PORTD                       (abs)        000F83
_PORTE                       (abs)        000F84
_PR2                         (abs)        000FCB
_RCREG                       (abs)        000FAE
_RCSTA                       (abs)        000FAB
_SPBRG                       (abs)        000FAF
_SPBRGH                      (abs)        000FB0
_SPPCFG                      (abs)        000F63
_T0CON                       (abs)        000FD5
_T2CON                       (abs)        000FCA
_TMR0H                       (abs)        000FD7
_TMR0L                       (abs)        000FD6
_TRISA                       (abs)        000F92
_TRISB                       (abs)        000F93
_TRISC                       (abs)        000F94
_TRISD                       (abs)        000F95
_TRISE                       (abs)        000F96
_TXREG                       (abs)        000FAD
_TXSTA                       (abs)        000FAC
__HRAM                       (abs)        000000
__Habs1                      abs1         000000
__Hbank0                     bank0        000000
__Hbank1                     bank1        000000
__Hbank2                     bank2        000000
__Hbank3                     bank3        000000
__Hbank4                     bank4        000000
__Hbank5                     bank5        000000
__Hbank6                     bank6        000000
__Hbank7                     bank7        000000
__Hbigbss                    bigbss       000000
__Hbigdata                   bigdata      000000
__Hbigram                    bigram       000000
__Hbigsfr                    bigsfr       000000
__Hbss                       bss          000000
__HbssBANK0                  bssBANK0     000000
__Hcinit                     cinit        000000
__Hclrtext                   clrtext      000000
__Hcomram                    comram       000000
__Hconfig                    config       30000E
__Hconst                     const        000000
__HcstackBANK0               cstackBANK0  000000
__HcstackCOMRAM              cstackCOMRAM 000000
__Hdata                      data         000000
__HdataBANK0                 dataBANK0    000000
__Heeprom_data               eeprom_data  000000
__Hfarbss                    farbss       000000
__Hfardata                   fardata      000000
__Hheap                      heap         000000
__Hibigdata                  ibigdata     000000
__Hidata                     idata        000000
__HidataBANK0                idataBANK0   000000
__Hidloc                     idloc        200008
__Hifardata                  ifardata     000000
__Hinit                      init         000004
__Hintcode                   intcode      000000
__Hintcode_body              intcode_body 000000
__Hintcodelo                 intcodelo    000000
__Hintentry                  intentry     000000
__Hintret                    intret       000000
__Hintsave_regs              intsave_regs 000000
__Hirdata                    irdata       000000
__Hmediumconst               mediumconst  008000
__HnvFARRAM                  nvFARRAM     000000
__Hnvbit                     nvbit        000000
__Hnvrram                    nvrram       000000
__Hparam                     rparam       000000
__Hpowerup                   powerup      000000
__Hram                       ram          000000
__Hramtop                    ramtop       000800
__Hrbit                      rbit         000000
__Hrbss                      rbss         000000
__Hrdata                     rdata        000000
__Hreset_vec                 reset_vec    000000
__Hrparam                    rparam       000000
__Hsfr                       sfr          000000
__Hsmallconst                smallconst   000000
__Hspace_0                   (abs)        008000
__Hspace_1                   (abs)        0000E6
__Hspace_2                   (abs)        000000
__Hspace_4                   (abs)        60000E
__Hstack                     stack        000000
__Hstruct                    struct       000000
__Htemp                      temp         000000
__Htext                      text         000000
__Htext0                     text0        000000
__Htext1                     text1        000000
__Htext10                    text10       000000
__Htext11                    text11       000000
__Htext12                    text12       000000
__Htext13                    text13       000000
__Htext14                    text14       000000
__Htext15                    text15       000000
__Htext16                    text16       000000
__Htext17                    text17       000000
__Htext18                    text18       000000
__Htext19                    text19       000000
__Htext2                     text2        000000
__Htext20                    text20       000000
__Htext21                    text21       000000
__Htext22                    text22       000000
__Htext23                    text23       000000
__Htext24                    text24       000000
__Htext25                    text25       000000
__Htext26                    text26       000000
__Htext27                    text27       000000
__Htext28                    text28       000000
__Htext29                    text29       000000
__Htext3                     text3        000000
__Htext30                    text30       000000
__Htext31                    text31       000000
__Htext32                    text32       000000
__Htext33                    text33       000000
__Htext34                    text34       000000
__Htext35                    text35       000000
__Htext36                    text36       000000
__Htext37                    text37       000000
__Htext38                    text38       000000
__Htext39                    text39       000000
__Htext4                     text4        000000
__Htext40                    text40       000000
__Htext41                    text41       000000
__Htext42                    text42       000000
__Htext43                    text43       000000
__Htext44                    text44       000000
__Htext45                    text45       000000
__Htext46                    text46       000000
__Htext47                    text47       000000
__Htext48                    text48       000000
__Htext49                    text49       000000
__Htext5                     text5        000000
__Htext50                    text50       000000
__Htext51                    text51       000000
__Htext52                    text52       000000
__Htext53                    text53       000000
__Htext54                    text54       000000
__Htext55                    text55       000000
__Htext56                    text56       000000
__Htext57                    text57       000000
__Htext58                    text58       000000
__Htext59                    text59       000000
__Htext6                     text6        000000
__Htext60                    text60       000000
__Htext61                    text61       000000
__Htext62                    text62       000000
__Htext63                    text63       000000
__Htext64                    text64       000000
__Htext65                    text65       000000
__Htext66                    text66       000000
__Htext67                    text67       000000
__Htext7                     text7        000000
__Htext8                     text8        000000
__Htext9                     text9        000000
__LRAM                       (abs)        000001
__Labs1                      abs1         000000
__Lbank0                     bank0        000000
__Lbank1                     bank1        000000
__Lbank2                     bank2        000000
__Lbank3                     bank3        000000
__Lbank4                     bank4        000000
__Lbank5                     bank5        000000
__Lbank6                     bank6        000000
__Lbank7                     bank7        000000
__Lbigbss                    bigbss       000000
__Lbigdata                   bigdata      000000
__Lbigram                    bigram       000000
__Lbigsfr                    bigsfr       000000
__Lbss                       bss          000000
__LbssBANK0                  bssBANK0     000000
__Lcinit                     cinit        000000
__Lclrtext                   clrtext      000000
__Lcomram                    comram       000000
__Lconfig                    config       000000
__Lconst                     const        000000
__LcstackBANK0               cstackBANK0  000000
__LcstackCOMRAM              cstackCOMRAM 000000
__Ldata                      data         000000
__LdataBANK0                 dataBANK0    000000
__Leeprom_data               eeprom_data  000000
__Lfarbss                    farbss       000000
__Lfardata                   fardata      000000
__Lheap                      heap         000000
__Libigdata                  ibigdata     000000
__Lidata                     idata        000000
__LidataBANK0                idataBANK0   000000
__Lidloc                     idloc        000000
__Lifardata                  ifardata     000000
__Linit                      init         000000
__Lintcode                   intcode      000000
__Lintcode_body              intcode_body 000000
__Lintcodelo                 intcodelo    000000
__Lintentry                  intentry     000000
__Lintret                    intret       000000
__Lintsave_regs              intsave_regs 000000
__Lirdata                    irdata       000000
__Lmediumconst               mediumconst  007E02
__LnvFARRAM                  nvFARRAM     000000
__Lnvbit                     nvbit        000000
__Lnvrram                    nvrram       000000
__Lparam                     rparam       000000
__Lpowerup                   powerup      000000
__Lram                       ram          000000
__Lramtop                    ramtop       000800
__Lrbit                      rbit         000000
__Lrbss                      rbss         000000
__Lrdata                     rdata        000000
__Lreset_vec                 reset_vec    000000
__Lrparam                    rparam       000000
__Lsfr                       sfr          000000
__Lsmallconst                smallconst   000000
__Lspace_0                   (abs)        000000
__Lspace_1                   (abs)        000000
__Lspace_2                   (abs)        000000
__Lspace_4                   (abs)        000000
__Lstack                     stack        000000
__Lstruct                    struct       000000
__Ltemp                      temp         000000
__Ltext                      text         000000
__Ltext0                     text0        000000
__Ltext1                     text1        000000
__Ltext10                    text10       000000
__Ltext11                    text11       000000
__Ltext12                    text12       000000
__Ltext13                    text13       000000
__Ltext14                    text14       000000
__Ltext15                    text15       000000
__Ltext16                    text16       000000
__Ltext17                    text17       000000
__Ltext18                    text18       000000
__Ltext19                    text19       000000
__Ltext2                     text2        000000
__Ltext20                    text20       000000
__Ltext21                    text21       000000
__Ltext22                    text22       000000
__Ltext23                    text23       000000
__Ltext24                    text24       000000
__Ltext25                    text25       000000
__Ltext26                    text26       000000
__Ltext27                    text27       000000
__Ltext28                    text28       000000
__Ltext29                    text29       000000
__Ltext3                     text3        000000
__Ltext30                    text30       000000
__Ltext31                    text31       000000
__Ltext32                    text32       000000
__Ltext33                    text33       000000
__Ltext34                    text34       000000
__Ltext35                    text35       000000
__Ltext36                    text36       000000
__Ltext37                    text37       000000
__Ltext38                    text38       000000
__Ltext39                    text39       000000
__Ltext4                     text4        000000
__Ltext40                    text40       000000
__Ltext41                    text41       000000
__Ltext42                    text42       000000
__Ltext43                    text43       000000
__Ltext44                    text44       000000
__Ltext45                    text45       000000
__Ltext46                    text46       000000
__Ltext47                    text47       000000
__Ltext48                    text48       000000
__Ltext49                    text49       000000
__Ltext5                     text5        000000
__Ltext50                    text50       000000
__Ltext51                    text51       000000
__Ltext52                    text52       000000
__Ltext53                    text53       000000
__Ltext54                    text54       000000
__Ltext55                    text55       000000
__Ltext56                    text56       000000
__Ltext57                    text57       000000
__Ltext58                    text58       000000
__Ltext59                    text59       000000
__Ltext6                     text6        000000
__Ltext60                    text60       000000
__Ltext61                    text61       000000
__Ltext62                    text62       000000
__Ltext63                    text63       000000
__Ltext64                    text64       000000
__Ltext65                    text65       000000
__Ltext66                    text66       000000
__Ltext67                    text67       000000
__Ltext7                     text7        000000
__Ltext8                     text8        000000
__Ltext9                     text9        000000
__S0                         (abs)        008000
__S1                         (abs)        0000E6
__S4                         (abs)        000000
__S5                         (abs)        000000
___awdiv                     text16       0043DA
___awdiv@counter             cstackCOMRAM 000005
___awdiv@dividend            cstackCOMRAM 000001
___awdiv@divisor             cstackCOMRAM 000003
___awdiv@quotient            cstackCOMRAM 000007
___awdiv@sign                cstackCOMRAM 000006
___awmod                     text15       00432A
___awmod@counter             cstackCOMRAM 00000D
___awmod@dividend            cstackCOMRAM 000009
___awmod@divisor             cstackCOMRAM 00000B
___awmod@sign                cstackCOMRAM 00000E
___fladd                     text34       005F2C
___fladd@a                   cstackCOMRAM 00002C
___fladd@aexp                cstackCOMRAM 000035
___fladd@b                   cstackCOMRAM 000028
___fladd@bexp                cstackCOMRAM 000036
___fladd@grs                 cstackCOMRAM 000037
___fladd@signs               cstackCOMRAM 000034
___fldiv                     text22       005B92
___fldiv@a                   cstackCOMRAM 000013
___fldiv@aexp                cstackCOMRAM 000027
___fldiv@b                   cstackCOMRAM 00000F
___fldiv@bexp                cstackCOMRAM 000026
___fldiv@grs                 cstackCOMRAM 000022
___fldiv@new_exp             cstackCOMRAM 000020
___fldiv@rem                 cstackCOMRAM 00001B
___fldiv@sign                cstackCOMRAM 00001F
___flge                      text33       0047F6
___flge@ff1                  cstackCOMRAM 000001
___flge@ff2                  cstackCOMRAM 000005
___fltol                     text21       0048FA
___fltol@exp1                cstackCOMRAM 000041
___fltol@f1                  cstackCOMRAM 000038
___fltol@sign1               cstackCOMRAM 000040
___heap_hi                   (abs)        000000
___heap_lo                   (abs)        000000
___inthi_sp                  stack        000000
___intlo_sp                  stack        000000
___param_bank                (abs)        000000
___rparam_used               (abs)        000001
___sp                        stack        000000
___wmul                      text50       0039DC
___wmul@multiplicand         cstackCOMRAM 000003
___wmul@multiplier           cstackCOMRAM 000001
___wmul@product              cstackCOMRAM 000005
___xxtofl                    text20       004E20
___xxtofl@arg                cstackCOMRAM 00000B
___xxtofl@exp                cstackCOMRAM 00000A
___xxtofl@sign               cstackCOMRAM 000009
___xxtofl@val                cstackCOMRAM 000001
__accesstop                  (abs)        000060
__activetblptr               (abs)        000002
__end_of_Delay2ms            text60       003ADA
__end_of_Delay40us           text59       003982
__end_of_I2C_delay           text47       0038D2
__end_of___awdiv             text16       00449E
__end_of___awmod             text15       0043DA
__end_of___fladd             text34       0063EC
__end_of___fldiv             text22       005F2C
__end_of___flge              text33       0048FA
__end_of___fltol             text21       004A00
__end_of___wmul              text50       003A02
__end_of___xxtofl            text20       004FD4
__end_of__initialization     cinit        003B96
__end_of_adcInit             text66       003C90
__end_of_adcRead             text19       005188
__end_of_checkAlarm          text17       004636
__end_of_clear_SCL           text46       003A56
__end_of_clear_SDA           text41       003A80
__end_of_digitalRead         text45       004CAA
__end_of_digitalWrite        text54       005624
__end_of_dsInit              text64       0038D8
__end_of_dsReadData          text35       003CD6
__end_of_dsWriteData         text32       004568
__end_of_eventInit           text61       00393E
__end_of_eventRead           text27       005B92
__end_of_getAlarmLevel       text23       0047F6
__end_of_getLanguage         text26       00396A
__end_of_getSensorValue      text18       003E62
__end_of_getState            text25       0038E4
__end_of_getTimer            text24       0038FE
__end_of_i2cInit             text65       003A2C
__end_of_i2cReadByte         text38       003E0C
__end_of_i2cWriteByte        text36       003F70
__end_of_i2c_read_bit        text42       003B6A
__end_of_i2c_start           text37       003D68
__end_of_i2c_stop            text40       003B38
__end_of_i2c_write_bit       text39       003F10
__end_of_kpInit              text63       00432A
__end_of_kpRead              text52       004040
__end_of_lcdCommand          text56       003D1E
__end_of_lcdCommand4bits     text57       0040B8
__end_of_lcdData             text14       0039BA
__end_of_lcdInit             text55       004130
__end_of_lcdInt              text13       00422C
__end_of_lcdString           text12       003EB8
__end_of_ledBlink            text11       004704
__end_of_ledInit             text53       003B08
__end_of_ledOff              text10       003FD2
__end_of_main                text0        003C4C
__end_of_memset              text51       004E20
__end_of_outputPrint         text8        007E02
__end_of_pinMode             text67       0053D6
__end_of_processarProtocolo  text29       00712C
__end_of_pulseEnable         text58       0038DE
__end_of_read_SCL            text44       003BD8
__end_of_read_SDA            text43       003C10
__end_of_serialInit          text62       00399C
__end_of_serialInt           text9        0042AA
__end_of_serialRead          text28       003AAC
__end_of_serialSend          text49       003954
__end_of_serialString        text48       0041AE
__end_of_setAlarmLevel       text31       0058D6
__end_of_setLanguage         text30       00392A
__end_of_setState            text7        0038EC
__end_of_setTimer            text6        003908
__end_of_smLoop              text5        006976
__end_of_timerInit           text4        0038F4
__end_of_timerReset          text3        0039DC
__end_of_timerWait           text2        003918
__end_of_varInit             text1        004B40
__initialization             cinit        003B6A
__mediumconst                mediumconst  007E02
__pbssBANK0                  bssBANK0     0000B0
__pcinit                     cinit        003B6A
__pcstackBANK0               cstackBANK0  0000DD
__pcstackCOMRAM              cstackCOMRAM 000001
__pdataBANK0                 dataBANK0    000060
__pidataBANK0                idataBANK0   003D68
__pmediumconst               mediumconst  007E02
__ptext0                     text0        003C10
__ptext1                     text1        004A00
__ptext10                    text10       003F70
__ptext11                    text11       004636
__ptext12                    text12       003E62
__ptext13                    text13       0041AE
__ptext14                    text14       00399C
__ptext15                    text15       00432A
__ptext16                    text16       0043DA
__ptext17                    text17       004568
__ptext18                    text18       003E0C
__ptext19                    text19       004FD4
__ptext2                     text2        003908
__ptext20                    text20       004E20
__ptext21                    text21       0048FA
__ptext22                    text22       005B92
__ptext23                    text23       004704
__ptext24                    text24       0038F4
__ptext25                    text25       0038DE
__ptext26                    text26       003954
__ptext27                    text27       0058D6
__ptext28                    text28       003A80
__ptext29                    text29       006976
__ptext3                     text3        0039BA
__ptext30                    text30       003918
__ptext31                    text31       005624
__ptext32                    text32       00449E
__ptext33                    text33       0047F6
__ptext34                    text34       005F2C
__ptext35                    text35       003C90
__ptext36                    text36       003F10
__ptext37                    text37       003D1E
__ptext38                    text38       003DB8
__ptext39                    text39       003EB8
__ptext4                     text4        0038EC
__ptext40                    text40       003B08
__ptext41                    text41       003A56
__ptext42                    text42       003B38
__ptext43                    text43       003BD8
__ptext44                    text44       003BA0
__ptext45                    text45       004B40
__ptext46                    text46       003A2C
__ptext47                    text47       0038D0
__ptext48                    text48       004130
__ptext49                    text49       00393E
__ptext5                     text5        0063EC
__ptext50                    text50       0039DC
__ptext51                    text51       004CAA
__ptext52                    text52       003FD2
__ptext53                    text53       003ADA
__ptext54                    text54       0053D6
__ptext55                    text55       0040B8
__ptext56                    text56       003CD6
__ptext57                    text57       004040
__ptext58                    text58       0038D8
__ptext59                    text59       00396A
__ptext6                     text6        0038FE
__ptext60                    text60       003AAC
__ptext61                    text61       00392A
__ptext62                    text62       003982
__ptext63                    text63       0042AA
__ptext64                    text64       0038D2
__ptext65                    text65       003A02
__ptext66                    text66       003C4C
__ptext67                    text67       005188
__ptext7                     text7        0038E4
__ptext8                     text8        00712C
__ptext9                     text9        00422C
__ramtop                     ramtop       000800
__smallconst                 smallconst   000000
_adcInit                     text66       003C4C
_adcRead                     text19       004FD4
_checkAlarm                  text17       004568
_clear_SCL                   text46       003A2C
_clear_SDA                   text41       003A56
_digitalRead                 text45       004B40
_digitalWrite                text54       0053D6
_dsInit                      text64       0038D2
_dsReadData                  text35       003C90
_dsWriteData                 text32       00449E
_eventInit                   text61       00392A
_eventRead                   text27       0058D6
_getAlarmLevel               text23       004704
_getLanguage                 text26       003954
_getSensorValue              text18       003E0C
_getState                    text25       0038DE
_getTimer                    text24       0038F4
_i2cInit                     text65       003A02
_i2cReadByte                 text38       003DB8
_i2cWriteByte                text36       003F10
_i2c_read_bit                text42       003B38
_i2c_start                   text37       003D1E
_i2c_stop                    text40       003B08
_i2c_write_bit               text39       003EB8
_j                           bssBANK0     0000B9
_key_ant                     bssBANK0     0000B6
_kpInit                      text63       0042AA
_kpRead                      text52       003FD2
_lcdAlerts                   dataBANK0    0000A8
_lcdCommand                  text56       003CD6
_lcdCommand4bits             text57       004040
_lcdData                     text14       00399C
_lcdInit                     text55       0040B8
_lcdInt                      text13       0041AE
_lcdString                   text12       003E62
_ledBlink                    text11       004636
_ledInit                     text53       003ADA
_ledOff                      text10       003F70
_main                        text0        003C10
_memset                      text51       004CAA
_msgsL1                      dataBANK0    000080
_msgsL2                      dataBANK0    000060
_outputPrint                 text8        00712C
_pinMode                     text67       005188
_processarProtocolo          text29       006976
_protocolo                   bssBANK0     0000BD
_protocolo_index             bssBANK0     0000B4
_pulseEnable                 text58       0038D8
_read_SCL                    text44       003BA0
_read_SDA                    text43       003BD8
_serialAlerts                dataBANK0    0000A0
_serialInit                  text62       003982
_serialInt                   text9        00422C
_serialRead                  text28       003A80
_serialSend                  text49       00393E
_serialString                text48       004130
_setAlarmLevel               text31       005624
_setAlarmLevel$538           cstackCOMRAM 000047
_setAlarmLevel$539           cstackCOMRAM 000049
_setAlarmLevel$540           cstackCOMRAM 00004B
_setAlarmLevel$541           cstackCOMRAM 00004D
_setLanguage                 text30       003918
_setState                    text7        0038E4
_setTimer                    text6        0038FE
_smLoop                      text5        0063EC
_started                     bssBANK0     0000BC
_state                       bssBANK0     0000B8
_tela_ant                    bssBANK0     0000B0
_timer                       bssBANK0     0000B2
_timerInit                   text4        0038EC
_timerReset                  text3        0039BA
_timerWait                   text2        003908
_valor                       bssBANK0     0000BB
_valorAntigo                 bssBANK0     0000BA
_varInit                     text1        004A00
adcRead@ADvalor              cstackCOMRAM 000044
adcRead@channel              cstackCOMRAM 000042
checkAlarm@alarm             cstackCOMRAM 00004A
checkAlarm@level             cstackCOMRAM 00004C
digitalRead@pin              cstackCOMRAM 000001
digitalWrite@pin             cstackCOMRAM 000001
digitalWrite@value           cstackCOMRAM 000003
dsReadData@address           cstackCOMRAM 00000E
dsReadData@result            cstackCOMRAM 000011
dsWriteData@address          cstackCOMRAM 000038
dsWriteData@i                cstackCOMRAM 00003B
dsWriteData@value            cstackCOMRAM 00003A
end_of_initialization        cinit        003B96
eventRead@ev                 cstackBANK0  0000DE
eventRead@key                cstackBANK0  0000E0
eventRead@serial_command     cstackBANK0  0000E2
getAlarmLevel@alarm          cstackCOMRAM 000013
getAlarmLevel@level          cstackCOMRAM 000015
getSensorValue@sensor        cstackCOMRAM 000046
getSensorValue@value         cstackCOMRAM 000048
i2cReadByte@bit              cstackCOMRAM 00000B
i2cReadByte@byte             cstackCOMRAM 00000D
i2cReadByte@nack             cstackCOMRAM 00000A
i2cReadByte@send_stop        cstackCOMRAM 000008
i2cWriteByte@bit             cstackCOMRAM 00000B
i2cWriteByte@byte            cstackCOMRAM 000009
i2cWriteByte@send_start      cstackCOMRAM 00000A
i2cWriteByte@send_stop       cstackCOMRAM 000008
i2c_read_bit@bit             cstackCOMRAM 000007
i2c_write_bit@bit            cstackCOMRAM 000007
intlevel0                    text         000000
intlevel1                    text         000000
intlevel2                    text         000000
intlevel3                    text         000000
isa$std                      (abs)        000001
isa$xinst                    (abs)        000000
lcdCommand4bits@cmd          cstackCOMRAM 000002
lcdCommand4bits@data         cstackCOMRAM 000001
lcdCommand@cmd               cstackCOMRAM 000003
lcdData@valor                cstackCOMRAM 000003
lcdInit@i                    cstackCOMRAM 000004
lcdInt@val                   cstackCOMRAM 00004A
lcdString@i                  cstackCOMRAM 000008
lcdString@msg                cstackCOMRAM 000004
ledBlink@pos                 cstackCOMRAM 000007
ledOff@pos                   cstackCOMRAM 000007
memset@c                     cstackCOMRAM 000003
memset@dest                  cstackCOMRAM 000001
memset@k                     cstackCOMRAM 000009
memset@n                     cstackCOMRAM 000005
memset@s                     cstackCOMRAM 00000B
outputPrint@idioma           cstackCOMRAM 000055
outputPrint@numTela          cstackCOMRAM 000053
pinMode@pin                  cstackCOMRAM 000001
pinMode@type                 cstackCOMRAM 000003
processarProtocolo@err       cstackCOMRAM 000052
processarProtocolo@i         cstackCOMRAM 000054
processarProtocolo@i_89      cstackCOMRAM 000056
processarProtocolo@i_92      cstackCOMRAM 000058
processarProtocolo@i_95      cstackCOMRAM 00005A
processarProtocolo@new_value cstackCOMRAM 00005C
serialInt@val                cstackCOMRAM 000051
serialRead@resp              cstackCOMRAM 000001
serialSend@c                 cstackCOMRAM 000001
serialString@i               cstackCOMRAM 000006
serialString@msg             cstackCOMRAM 000002
setAlarmLevel@alarm          cstackCOMRAM 00003F
setAlarmLevel@level          cstackCOMRAM 000041
setAlarmLevel@newAlarmLevel  cstackCOMRAM 000043
setLanguage@newLanguage      cstackCOMRAM 00003F
setState@newState            cstackCOMRAM 000001
setTimer@val                 cstackCOMRAM 000003
smLoop@evento                cstackBANK0  0000E5
stackhi                      (abs)        000000
stacklo                      (abs)        000000
start                        init         000000
start_initialization         cinit        003B6A
timerReset@ciclos            cstackCOMRAM 000003
timerReset@tempo             cstackCOMRAM 000001


MODULE INFORMATION

Module		Function		Class		Link	Load	Size
serial.c
		_serialSend    		CODE           	393E	0000	22
		_serialString  		CODE           	4130	0000	126
		_serialInt     		CODE           	422C	0000	126
		_serialInit    		CODE           	3982	0000	26
		_serialRead    		CODE           	3A80	0000	44

serial.c estimated size: 344

C:\Program Files\Microchip\xc8\v2.40\pic\sources\c99\common\sprcdiv.c
		___fldiv       		CODE           	5B92	0000	922

C:\Program Files\Microchip\xc8\v2.40\pic\sources\c99\common\sprcdiv.c estimated size: 922

C:\Program Files\Microchip\xc8\v2.40\pic\sources\c99\common\awdiv.c
		___awdiv       		CODE           	43DA	0000	196

C:\Program Files\Microchip\xc8\v2.40\pic\sources\c99\common\awdiv.c estimated size: 196

C:\Program Files\Microchip\xc8\v2.40\pic\sources\c99\common\fltol.c
		___fltol       		CODE           	48FA	0000	262

C:\Program Files\Microchip\xc8\v2.40\pic\sources\c99\common\fltol.c estimated size: 262

stateMachine.c
		_smLoop        		CODE           	63EC	0000	1418

stateMachine.c estimated size: 1418

keypad.c
		_kpInit        		CODE           	42AA	0000	128
		_kpRead        		CODE           	3FD2	0000	110

keypad.c estimated size: 238

C:\Program Files\Microchip\xc8\v2.40\pic\sources\c99\common\Umul16.c
		___wmul        		CODE           	39DC	0000	38

C:\Program Files\Microchip\xc8\v2.40\pic\sources\c99\common\Umul16.c estimated size: 38

var.c
		_getSensorValue		CODE           	3E0C	0000	86
		_getLanguage   		CODE           	3954	0000	22
		_checkAlarm    		CODE           	4568	0000	206
		_setLanguage   		CODE           	3918	0000	18
		_getAlarmLevel 		CODE           	4704	0000	242
		_varInit       		CODE           	4A00	0000	320
		_setAlarmLevel 		CODE           	5624	0000	690
		_getState      		CODE           	38DE	0000	6
		_getTimer      		CODE           	38F4	0000	10
		_setState      		CODE           	38E4	0000	8
		_setTimer      		CODE           	38FE	0000	10

var.c estimated size: 1618

io.c
		_digitalRead   		CODE           	4B40	0000	362
		_digitalWrite  		CODE           	53D6	0000	590
		_pinMode       		CODE           	5188	0000	590

io.c estimated size: 1542

timer.c
		_timerWait     		CODE           	3908	0000	16
		_timerReset    		CODE           	39BA	0000	34
		_timerInit     		CODE           	38EC	0000	8

timer.c estimated size: 58

i2c.c
		_i2c_start     		CODE           	3D1E	0000	74
		_i2cReadByte   		CODE           	3DB8	0000	84
		_read_SCL      		CODE           	3BA0	0000	56
		_I2C_delay     		CODE           	38D0	0000	2
		_clear_SDA     		CODE           	3A56	0000	42
		_clear_SCL     		CODE           	3A2C	0000	42
		_i2cWriteByte  		CODE           	3F10	0000	96
		_i2cInit       		CODE           	3A02	0000	42
		_i2c_stop      		CODE           	3B08	0000	48
		_i2c_write_bit 		CODE           	3EB8	0000	88
		_i2c_read_bit  		CODE           	3B38	0000	50
		_read_SDA      		CODE           	3BD8	0000	56

i2c.c estimated size: 680

C:\Program Files\Microchip\xc8\v2.40\pic\sources\c99\common\sprcadd.c
		___fladd       		CODE           	5F2C	0000	1216

C:\Program Files\Microchip\xc8\v2.40\pic\sources\c99\common\sprcadd.c estimated size: 1216

adc.c
		_adcRead       		CODE           	4FD4	0000	436
		_adcInit       		CODE           	3C4C	0000	68

adc.c estimated size: 504

output.c
		_outputPrint   		CODE           	712C	0000	3286

output.c estimated size: 3286

C:\Program Files\Microchip\xc8\v2.40\pic\sources\c99\common\xxtofl.c
		___xxtofl      		CODE           	4E20	0000	436

C:\Program Files\Microchip\xc8\v2.40\pic\sources\c99\common\xxtofl.c estimated size: 436

shared
		__initialization		CODE           	3B6A	0000	44

shared estimated size: 44

C:\Program Files\Microchip\xc8\v2.40\pic\sources\c99\common\flge.c
		___flge        		CODE           	47F6	0000	260

C:\Program Files\Microchip\xc8\v2.40\pic\sources\c99\common\flge.c estimated size: 260

C:\Program Files\Microchip\xc8\v2.40\pic\sources\c99\common\memset.c
		_memset        		CODE           	4CAA	0000	374

C:\Program Files\Microchip\xc8\v2.40\pic\sources\c99\common\memset.c estimated size: 374

rtc.c
		_dsInit        		CODE           	38D2	0000	6
		_dsWriteData   		CODE           	449E	0000	202
		_dsReadData    		CODE           	3C90	0000	70

rtc.c estimated size: 278

C:\Program Files\Microchip\xc8\v2.40\pic\sources\c99\common\awmod.c
		___awmod       		CODE           	432A	0000	176

C:\Program Files\Microchip\xc8\v2.40\pic\sources\c99\common\awmod.c estimated size: 176

lcd.c
		_lcdCommand    		CODE           	3CD6	0000	72
		_pulseEnable   		CODE           	38D8	0000	6
		_lcdString     		CODE           	3E62	0000	86
		_lcdCommand4bits		CODE           	4040	0000	120
		_Delay40us     		CODE           	396A	0000	24
		_lcdInt        		CODE           	41AE	0000	126
		_lcdInit       		CODE           	40B8	0000	120
		_lcdData       		CODE           	399C	0000	30
		_Delay2ms      		CODE           	3AAC	0000	46

lcd.c estimated size: 630

event.c
		_eventRead     		CODE           	58D6	0000	700
		_eventInit     		CODE           	392A	0000	20
		_processarProtocolo		CODE           	6976	0000	1974

event.c estimated size: 2694

main.c
		_main          		CODE           	3C10	0000	60

main.c estimated size: 60

led.c
		_ledOff        		CODE           	3F70	0000	98
		_ledBlink      		CODE           	4636	0000	206
		_ledInit       		CODE           	3ADA	0000	46

led.c estimated size: 350

